Archive member included to satisfy reference by file (symbol)

c:/program files (x86)/gnu tools arm embedded/5.3 2016q1/bin/../lib/gcc/arm-none-eabi/5.3.1/../../../../arm-none-eabi/lib/armv7e-m\libg.a(lib_a-memcmp.o)
                              ..\obj\keypad.o (memcmp)

Allocating common symbols
Common symbol       size              file

lcd_currentScreen   0x4               ..\obj\lcd.o
wifi_i              0x4               ..\obj\wifi.o
kp_inputBuffer      0x4               ..\obj\keypad.o
wifi_data           0xc8              ..\obj\wifi.o

Discarded input sections

 .text          0x00000000        0x0 ..\obj\stm32f4xx_syscfg.o
 .data          0x00000000        0x0 ..\obj\stm32f4xx_syscfg.o
 .bss           0x00000000        0x0 ..\obj\stm32f4xx_syscfg.o
 .text.SYSCFG_DeInit
                0x00000000       0x1c ..\obj\stm32f4xx_syscfg.o
 .text.SYSCFG_MemoryRemapConfig
                0x00000000       0x20 ..\obj\stm32f4xx_syscfg.o
 .text.SYSCFG_ETH_MediaInterfaceConfig
                0x00000000       0x1c ..\obj\stm32f4xx_syscfg.o
 .text.SYSCFG_CompensationCellCmd
                0x00000000       0x20 ..\obj\stm32f4xx_syscfg.o
 .text.SYSCFG_GetCompensationCellStatus
                0x00000000       0x30 ..\obj\stm32f4xx_syscfg.o
 .text          0x00000000        0x0 ..\obj\md.o
 .data          0x00000000        0x0 ..\obj\md.o
 .text          0x00000000        0x0 ..\obj\stm32f4xx_usart.o
 .data          0x00000000        0x0 ..\obj\stm32f4xx_usart.o
 .bss           0x00000000        0x0 ..\obj\stm32f4xx_usart.o
 .text.USART_DeInit
                0x00000000       0xd4 ..\obj\stm32f4xx_usart.o
 .text.USART_StructInit
                0x00000000       0x38 ..\obj\stm32f4xx_usart.o
 .text.USART_ClockInit
                0x00000000       0x54 ..\obj\stm32f4xx_usart.o
 .text.USART_ClockStructInit
                0x00000000       0x2c ..\obj\stm32f4xx_usart.o
 .text.USART_SetPrescaler
                0x00000000       0x38 ..\obj\stm32f4xx_usart.o
 .text.USART_OverSampling8Cmd
                0x00000000       0x44 ..\obj\stm32f4xx_usart.o
 .text.USART_OneBitMethodCmd
                0x00000000       0x40 ..\obj\stm32f4xx_usart.o
 .text.USART_SetAddress
                0x00000000       0x38 ..\obj\stm32f4xx_usart.o
 .text.USART_ReceiverWakeUpCmd
                0x00000000       0x40 ..\obj\stm32f4xx_usart.o
 .text.USART_WakeUpConfig
                0x00000000       0x38 ..\obj\stm32f4xx_usart.o
 .text.USART_LINBreakDetectLengthConfig
                0x00000000       0x38 ..\obj\stm32f4xx_usart.o
 .text.USART_LINCmd
                0x00000000       0x40 ..\obj\stm32f4xx_usart.o
 .text.USART_SendBreak
                0x00000000       0x24 ..\obj\stm32f4xx_usart.o
 .text.USART_HalfDuplexCmd
                0x00000000       0x40 ..\obj\stm32f4xx_usart.o
 .text.USART_SetGuardTime
                0x00000000       0x3c ..\obj\stm32f4xx_usart.o
 .text.USART_SmartCardCmd
                0x00000000       0x40 ..\obj\stm32f4xx_usart.o
 .text.USART_SmartCardNACKCmd
                0x00000000       0x40 ..\obj\stm32f4xx_usart.o
 .text.USART_IrDAConfig
                0x00000000       0x38 ..\obj\stm32f4xx_usart.o
 .text.USART_IrDACmd
                0x00000000       0x40 ..\obj\stm32f4xx_usart.o
 .text.USART_DMACmd
                0x00000000       0x48 ..\obj\stm32f4xx_usart.o
 .text.USART_ClearFlag
                0x00000000       0x20 ..\obj\stm32f4xx_usart.o
 .text.USART_ClearITPendingBit
                0x00000000       0x38 ..\obj\stm32f4xx_usart.o
 .text          0x00000000        0x0 ..\obj\startup_stm32f4xx.o
 .data          0x00000000        0x0 ..\obj\startup_stm32f4xx.o
 .bss           0x00000000        0x0 ..\obj\startup_stm32f4xx.o
 .text          0x00000000        0x0 ..\obj\main.o
 .data          0x00000000        0x0 ..\obj\main.o
 .bss           0x00000000        0x0 ..\obj\main.o
 .text          0x00000000        0x0 ..\obj\stm32f4xx_rcc.o
 .bss           0x00000000        0x0 ..\obj\stm32f4xx_rcc.o
 .text.RCC_DeInit
                0x00000000       0x50 ..\obj\stm32f4xx_rcc.o
 .text.RCC_HSEConfig
                0x00000000       0x24 ..\obj\stm32f4xx_rcc.o
 .text.RCC_WaitForHSEStartUp
                0x00000000       0x50 ..\obj\stm32f4xx_rcc.o
 .text.RCC_AdjustHSICalibrationValue
                0x00000000       0x3c ..\obj\stm32f4xx_rcc.o
 .text.RCC_HSICmd
                0x00000000       0x20 ..\obj\stm32f4xx_rcc.o
 .text.RCC_LSEConfig
                0x00000000       0x40 ..\obj\stm32f4xx_rcc.o
 .text.RCC_LSICmd
                0x00000000       0x20 ..\obj\stm32f4xx_rcc.o
 .text.RCC_PLLConfig
                0x00000000       0x3c ..\obj\stm32f4xx_rcc.o
 .text.RCC_PLLCmd
                0x00000000       0x20 ..\obj\stm32f4xx_rcc.o
 .text.RCC_PLLI2SConfig
                0x00000000       0x28 ..\obj\stm32f4xx_rcc.o
 .text.RCC_PLLI2SCmd
                0x00000000       0x20 ..\obj\stm32f4xx_rcc.o
 .text.RCC_ClockSecuritySystemCmd
                0x00000000       0x20 ..\obj\stm32f4xx_rcc.o
 .text.RCC_MCO1Config
                0x00000000       0x3c ..\obj\stm32f4xx_rcc.o
 .text.RCC_MCO2Config
                0x00000000       0x3c ..\obj\stm32f4xx_rcc.o
 .text.RCC_SYSCLKConfig
                0x00000000       0x38 ..\obj\stm32f4xx_rcc.o
 .text.RCC_GetSYSCLKSource
                0x00000000       0x1c ..\obj\stm32f4xx_rcc.o
 .text.RCC_HCLKConfig
                0x00000000       0x38 ..\obj\stm32f4xx_rcc.o
 .text.RCC_PCLK1Config
                0x00000000       0x38 ..\obj\stm32f4xx_rcc.o
 .text.RCC_PCLK2Config
                0x00000000       0x38 ..\obj\stm32f4xx_rcc.o
 .text.RCC_RTCCLKConfig
                0x00000000       0x5c ..\obj\stm32f4xx_rcc.o
 .text.RCC_RTCCLKCmd
                0x00000000       0x20 ..\obj\stm32f4xx_rcc.o
 .text.RCC_BackupResetCmd
                0x00000000       0x20 ..\obj\stm32f4xx_rcc.o
 .text.RCC_I2SCLKConfig
                0x00000000       0x1c ..\obj\stm32f4xx_rcc.o
 .text.RCC_AHB2PeriphClockCmd
                0x00000000       0x3c ..\obj\stm32f4xx_rcc.o
 .text.RCC_AHB3PeriphClockCmd
                0x00000000       0x3c ..\obj\stm32f4xx_rcc.o
 .text.RCC_AHB1PeriphResetCmd
                0x00000000       0x3c ..\obj\stm32f4xx_rcc.o
 .text.RCC_AHB2PeriphResetCmd
                0x00000000       0x3c ..\obj\stm32f4xx_rcc.o
 .text.RCC_AHB3PeriphResetCmd
                0x00000000       0x3c ..\obj\stm32f4xx_rcc.o
 .text.RCC_APB1PeriphResetCmd
                0x00000000       0x3c ..\obj\stm32f4xx_rcc.o
 .text.RCC_APB2PeriphResetCmd
                0x00000000       0x3c ..\obj\stm32f4xx_rcc.o
 .text.RCC_AHB1PeriphClockLPModeCmd
                0x00000000       0x3c ..\obj\stm32f4xx_rcc.o
 .text.RCC_AHB2PeriphClockLPModeCmd
                0x00000000       0x3c ..\obj\stm32f4xx_rcc.o
 .text.RCC_AHB3PeriphClockLPModeCmd
                0x00000000       0x3c ..\obj\stm32f4xx_rcc.o
 .text.RCC_APB1PeriphClockLPModeCmd
                0x00000000       0x3c ..\obj\stm32f4xx_rcc.o
 .text.RCC_APB2PeriphClockLPModeCmd
                0x00000000       0x3c ..\obj\stm32f4xx_rcc.o
 .text.RCC_ITConfig
                0x00000000       0x4c ..\obj\stm32f4xx_rcc.o
 .text.RCC_GetFlagStatus
                0x00000000       0x74 ..\obj\stm32f4xx_rcc.o
 .text.RCC_ClearFlag
                0x00000000       0x1c ..\obj\stm32f4xx_rcc.o
 .text.RCC_GetITStatus
                0x00000000       0x34 ..\obj\stm32f4xx_rcc.o
 .text.RCC_ClearITPendingBit
                0x00000000       0x20 ..\obj\stm32f4xx_rcc.o
 .text          0x00000000        0x0 ..\obj\stm32f4xx_gpio.o
 .data          0x00000000        0x0 ..\obj\stm32f4xx_gpio.o
 .bss           0x00000000        0x0 ..\obj\stm32f4xx_gpio.o
 .text.GPIO_DeInit
                0x00000000      0x120 ..\obj\stm32f4xx_gpio.o
 .text.GPIO_StructInit
                0x00000000       0x34 ..\obj\stm32f4xx_gpio.o
 .text.GPIO_PinLockConfig
                0x00000000       0x44 ..\obj\stm32f4xx_gpio.o
 .text.GPIO_ReadInputData
                0x00000000       0x18 ..\obj\stm32f4xx_gpio.o
 .text.GPIO_ReadOutputDataBit
                0x00000000       0x34 ..\obj\stm32f4xx_gpio.o
 .text.GPIO_ReadOutputData
                0x00000000       0x18 ..\obj\stm32f4xx_gpio.o
 .text.GPIO_Write
                0x00000000       0x1c ..\obj\stm32f4xx_gpio.o
 .text          0x00000000        0x0 ..\obj\keypad.o
 .data          0x00000000        0x0 ..\obj\keypad.o
 .text          0x00000000        0x0 ..\obj\system_stm32f4xx.o
 .data          0x00000000       0x14 ..\obj\system_stm32f4xx.o
 .bss           0x00000000        0x0 ..\obj\system_stm32f4xx.o
 .text.SystemCoreClockUpdate
                0x00000000       0xf8 ..\obj\system_stm32f4xx.o
 .text          0x00000000        0x0 ..\obj\lcd.o
 .data          0x00000000        0x0 ..\obj\lcd.o
 .bss           0x00000000        0x0 ..\obj\lcd.o
 .text.lcd_cursorHome
                0x00000000       0x10 ..\obj\lcd.o
 .text.lcd_cursorShift
                0x00000000       0x28 ..\obj\lcd.o
 .text          0x00000000        0x0 ..\obj\stm32f4xx_exti.o
 .data          0x00000000        0x0 ..\obj\stm32f4xx_exti.o
 .bss           0x00000000        0x0 ..\obj\stm32f4xx_exti.o
 .text.EXTI_DeInit
                0x00000000       0x34 ..\obj\stm32f4xx_exti.o
 .text.EXTI_StructInit
                0x00000000       0x2c ..\obj\stm32f4xx_exti.o
 .text.EXTI_GenerateSWInterrupt
                0x00000000       0x24 ..\obj\stm32f4xx_exti.o
 .text.EXTI_GetFlagStatus
                0x00000000       0x34 ..\obj\stm32f4xx_exti.o
 .text.EXTI_ClearFlag
                0x00000000       0x1c ..\obj\stm32f4xx_exti.o
 .text          0x00000000        0x0 ..\obj\misc.o
 .data          0x00000000        0x0 ..\obj\misc.o
 .bss           0x00000000        0x0 ..\obj\misc.o
 .text.NVIC_PriorityGroupConfig
                0x00000000       0x24 ..\obj\misc.o
 .text.NVIC_SetVectorTable
                0x00000000       0x2c ..\obj\misc.o
 .text.NVIC_SystemLPConfig
                0x00000000       0x40 ..\obj\misc.o
 .text.SysTick_CLKSourceConfig
                0x00000000       0x38 ..\obj\misc.o
 .text          0x00000000        0x0 ..\obj\wifi.o
 .data          0x00000000        0x0 ..\obj\wifi.o
 .bss           0x00000000        0x0 ..\obj\wifi.o
 .text          0x00000000        0x0 ..\obj\stm32f4xx_tim.o
 .data          0x00000000        0x0 ..\obj\stm32f4xx_tim.o
 .bss           0x00000000        0x0 ..\obj\stm32f4xx_tim.o
 .text.TIM_DeInit
                0x00000000      0x1c0 ..\obj\stm32f4xx_tim.o
 .text.TIM_TimeBaseStructInit
                0x00000000       0x34 ..\obj\stm32f4xx_tim.o
 .text.TIM_PrescalerConfig
                0x00000000       0x28 ..\obj\stm32f4xx_tim.o
 .text.TIM_CounterModeConfig
                0x00000000       0x38 ..\obj\stm32f4xx_tim.o
 .text.TIM_SetCounter
                0x00000000       0x1c ..\obj\stm32f4xx_tim.o
 .text.TIM_SetAutoreload
                0x00000000       0x1c ..\obj\stm32f4xx_tim.o
 .text.TIM_GetCounter
                0x00000000       0x18 ..\obj\stm32f4xx_tim.o
 .text.TIM_GetPrescaler
                0x00000000       0x18 ..\obj\stm32f4xx_tim.o
 .text.TIM_UpdateDisableConfig
                0x00000000       0x40 ..\obj\stm32f4xx_tim.o
 .text.TIM_UpdateRequestConfig
                0x00000000       0x40 ..\obj\stm32f4xx_tim.o
 .text.TIM_ARRPreloadConfig
                0x00000000       0x40 ..\obj\stm32f4xx_tim.o
 .text.TIM_SelectOnePulseMode
                0x00000000       0x38 ..\obj\stm32f4xx_tim.o
 .text.TIM_SetClockDivision
                0x00000000       0x38 ..\obj\stm32f4xx_tim.o
 .text.TIM_OC1Init
                0x00000000       0xf4 ..\obj\stm32f4xx_tim.o
 .text.TIM_OC2Init
                0x00000000      0x110 ..\obj\stm32f4xx_tim.o
 .text.TIM_OC3Init
                0x00000000      0x10c ..\obj\stm32f4xx_tim.o
 .text.TIM_OC4Init
                0x00000000       0xcc ..\obj\stm32f4xx_tim.o
 .text.TIM_OCStructInit
                0x00000000       0x44 ..\obj\stm32f4xx_tim.o
 .text.TIM_SelectOCxM
                0x00000000       0xb0 ..\obj\stm32f4xx_tim.o
 .text.TIM_SetCompare1
                0x00000000       0x1c ..\obj\stm32f4xx_tim.o
 .text.TIM_SetCompare2
                0x00000000       0x1c ..\obj\stm32f4xx_tim.o
 .text.TIM_SetCompare3
                0x00000000       0x1c ..\obj\stm32f4xx_tim.o
 .text.TIM_SetCompare4
                0x00000000       0x1c ..\obj\stm32f4xx_tim.o
 .text.TIM_ForcedOC1Config
                0x00000000       0x38 ..\obj\stm32f4xx_tim.o
 .text.TIM_ForcedOC2Config
                0x00000000       0x3c ..\obj\stm32f4xx_tim.o
 .text.TIM_ForcedOC3Config
                0x00000000       0x38 ..\obj\stm32f4xx_tim.o
 .text.TIM_ForcedOC4Config
                0x00000000       0x3c ..\obj\stm32f4xx_tim.o
 .text.TIM_OC1PreloadConfig
                0x00000000       0x38 ..\obj\stm32f4xx_tim.o
 .text.TIM_OC2PreloadConfig
                0x00000000       0x3c ..\obj\stm32f4xx_tim.o
 .text.TIM_OC3PreloadConfig
                0x00000000       0x38 ..\obj\stm32f4xx_tim.o
 .text.TIM_OC4PreloadConfig
                0x00000000       0x3c ..\obj\stm32f4xx_tim.o
 .text.TIM_OC1FastConfig
                0x00000000       0x38 ..\obj\stm32f4xx_tim.o
 .text.TIM_OC2FastConfig
                0x00000000       0x3c ..\obj\stm32f4xx_tim.o
 .text.TIM_OC3FastConfig
                0x00000000       0x38 ..\obj\stm32f4xx_tim.o
 .text.TIM_OC4FastConfig
                0x00000000       0x3c ..\obj\stm32f4xx_tim.o
 .text.TIM_ClearOC1Ref
                0x00000000       0x38 ..\obj\stm32f4xx_tim.o
 .text.TIM_ClearOC2Ref
                0x00000000       0x3c ..\obj\stm32f4xx_tim.o
 .text.TIM_ClearOC3Ref
                0x00000000       0x38 ..\obj\stm32f4xx_tim.o
 .text.TIM_ClearOC4Ref
                0x00000000       0x3c ..\obj\stm32f4xx_tim.o
 .text.TIM_OC1PolarityConfig
                0x00000000       0x38 ..\obj\stm32f4xx_tim.o
 .text.TIM_OC1NPolarityConfig
                0x00000000       0x38 ..\obj\stm32f4xx_tim.o
 .text.TIM_OC2PolarityConfig
                0x00000000       0x3c ..\obj\stm32f4xx_tim.o
 .text.TIM_OC2NPolarityConfig
                0x00000000       0x3c ..\obj\stm32f4xx_tim.o
 .text.TIM_OC3PolarityConfig
                0x00000000       0x3c ..\obj\stm32f4xx_tim.o
 .text.TIM_OC3NPolarityConfig
                0x00000000       0x3c ..\obj\stm32f4xx_tim.o
 .text.TIM_OC4PolarityConfig
                0x00000000       0x3c ..\obj\stm32f4xx_tim.o
 .text.TIM_CCxCmd
                0x00000000       0x58 ..\obj\stm32f4xx_tim.o
 .text.TIM_CCxNCmd
                0x00000000       0x58 ..\obj\stm32f4xx_tim.o
 .text.TIM_ICInit
                0x00000000       0xa8 ..\obj\stm32f4xx_tim.o
 .text.TIM_ICStructInit
                0x00000000       0x30 ..\obj\stm32f4xx_tim.o
 .text.TIM_PWMIConfig
                0x00000000       0xb8 ..\obj\stm32f4xx_tim.o
 .text.TIM_GetCapture1
                0x00000000       0x18 ..\obj\stm32f4xx_tim.o
 .text.TIM_GetCapture2
                0x00000000       0x18 ..\obj\stm32f4xx_tim.o
 .text.TIM_GetCapture3
                0x00000000       0x18 ..\obj\stm32f4xx_tim.o
 .text.TIM_GetCapture4
                0x00000000       0x18 ..\obj\stm32f4xx_tim.o
 .text.TIM_SetIC1Prescaler
                0x00000000       0x38 ..\obj\stm32f4xx_tim.o
 .text.TIM_SetIC2Prescaler
                0x00000000       0x3c ..\obj\stm32f4xx_tim.o
 .text.TIM_SetIC3Prescaler
                0x00000000       0x38 ..\obj\stm32f4xx_tim.o
 .text.TIM_SetIC4Prescaler
                0x00000000       0x3c ..\obj\stm32f4xx_tim.o
 .text.TIM_BDTRConfig
                0x00000000       0x50 ..\obj\stm32f4xx_tim.o
 .text.TIM_BDTRStructInit
                0x00000000       0x3c ..\obj\stm32f4xx_tim.o
 .text.TIM_CtrlPWMOutputs
                0x00000000       0x4c ..\obj\stm32f4xx_tim.o
 .text.TIM_SelectCOM
                0x00000000       0x40 ..\obj\stm32f4xx_tim.o
 .text.TIM_CCPreloadControl
                0x00000000       0x40 ..\obj\stm32f4xx_tim.o
 .text.TIM_GenerateEvent
                0x00000000       0x1c ..\obj\stm32f4xx_tim.o
 .text.TIM_GetFlagStatus
                0x00000000       0x38 ..\obj\stm32f4xx_tim.o
 .text.TIM_ClearFlag
                0x00000000       0x20 ..\obj\stm32f4xx_tim.o
 .text.TIM_DMAConfig
                0x00000000       0x28 ..\obj\stm32f4xx_tim.o
 .text.TIM_DMACmd
                0x00000000       0x48 ..\obj\stm32f4xx_tim.o
 .text.TIM_SelectCCDMA
                0x00000000       0x40 ..\obj\stm32f4xx_tim.o
 .text.TIM_InternalClockConfig
                0x00000000       0x24 ..\obj\stm32f4xx_tim.o
 .text.TIM_ITRxExternalClockConfig
                0x00000000       0x30 ..\obj\stm32f4xx_tim.o
 .text.TIM_TIxExternalClockConfig
                0x00000000       0x5c ..\obj\stm32f4xx_tim.o
 .text.TIM_ETRClockMode1Config
                0x00000000       0x60 ..\obj\stm32f4xx_tim.o
 .text.TIM_ETRClockMode2Config
                0x00000000       0x40 ..\obj\stm32f4xx_tim.o
 .text.TIM_SelectInputTrigger
                0x00000000       0x38 ..\obj\stm32f4xx_tim.o
 .text.TIM_SelectOutputTrigger
                0x00000000       0x38 ..\obj\stm32f4xx_tim.o
 .text.TIM_SelectSlaveMode
                0x00000000       0x38 ..\obj\stm32f4xx_tim.o
 .text.TIM_SelectMasterSlaveMode
                0x00000000       0x38 ..\obj\stm32f4xx_tim.o
 .text.TIM_ETRConfig
                0x00000000       0x54 ..\obj\stm32f4xx_tim.o
 .text.TIM_EncoderInterfaceConfig
                0x00000000       0x98 ..\obj\stm32f4xx_tim.o
 .text.TIM_SelectHallSensor
                0x00000000       0x40 ..\obj\stm32f4xx_tim.o
 .text.TIM_RemapConfig
                0x00000000       0x20 ..\obj\stm32f4xx_tim.o
 .text.TI1_Config
                0x00000000       0x84 ..\obj\stm32f4xx_tim.o
 .text.TI2_Config
                0x00000000       0x98 ..\obj\stm32f4xx_tim.o
 .text.TI3_Config
                0x00000000       0x90 ..\obj\stm32f4xx_tim.o
 .text.TI4_Config
                0x00000000       0x9c ..\obj\stm32f4xx_tim.o
 .text          0x00000000        0x0 c:/program files (x86)/gnu tools arm embedded/5.3 2016q1/bin/../lib/gcc/arm-none-eabi/5.3.1/../../../../arm-none-eabi/lib/armv7e-m\libg.a(lib_a-memcmp.o)
 .data          0x00000000        0x0 c:/program files (x86)/gnu tools arm embedded/5.3 2016q1/bin/../lib/gcc/arm-none-eabi/5.3.1/../../../../arm-none-eabi/lib/armv7e-m\libg.a(lib_a-memcmp.o)
 .bss           0x00000000        0x0 c:/program files (x86)/gnu tools arm embedded/5.3 2016q1/bin/../lib/gcc/arm-none-eabi/5.3.1/../../../../arm-none-eabi/lib/armv7e-m\libg.a(lib_a-memcmp.o)

Memory Configuration

Name             Origin             Length             Attributes
rom              0x08000000         0x00100000         xr
ram              0x20000000         0x00020000         xrw
ram1             0x10000000         0x00010000         xrw
*default*        0x00000000         0xffffffff

Linker script and memory map

                0x20020000                _eram = 0x20020000

.text           0x08000000     0x1ddf
 *(.isr_vector)
 .isr_vector    0x08000000      0x188 ..\obj\startup_stm32f4xx.o
                0x08000000                g_pfnVectors
 *(.text*)
 .text.SYSCFG_EXTILineConfig
                0x08000188       0x84 ..\obj\stm32f4xx_syscfg.o
                0x08000188                SYSCFG_EXTILineConfig
 .text.md_init  0x0800020c       0xdc ..\obj\md.o
                0x0800020c                md_init
 .text.md_arm   0x080002e8       0x18 ..\obj\md.o
                0x080002e8                md_arm
 .text.md_disarm
                0x08000300       0x24 ..\obj\md.o
                0x08000300                md_disarm
 .text.md_isArmed
                0x08000324       0x14 ..\obj\md.o
                0x08000324                md_isArmed
 .text.EXTI0_IRQHandler
                0x08000338       0x38 ..\obj\md.o
                0x08000338                EXTI0_IRQHandler
 .text.TIM2_IRQHandler
                0x08000370       0x38 ..\obj\md.o
                0x08000370                TIM2_IRQHandler
 .text.sendmail
                0x080003a8       0x44 ..\obj\md.o
                0x080003a8                sendmail
 .text.USART_Init
                0x080003ec      0x174 ..\obj\stm32f4xx_usart.o
                0x080003ec                USART_Init
 .text.USART_Cmd
                0x08000560       0x40 ..\obj\stm32f4xx_usart.o
                0x08000560                USART_Cmd
 .text.USART_SendData
                0x080005a0       0x24 ..\obj\stm32f4xx_usart.o
                0x080005a0                USART_SendData
 .text.USART_ReceiveData
                0x080005c4       0x20 ..\obj\stm32f4xx_usart.o
                0x080005c4                USART_ReceiveData
 .text.USART_ITConfig
                0x080005e4       0x90 ..\obj\stm32f4xx_usart.o
                0x080005e4                USART_ITConfig
 .text.USART_GetFlagStatus
                0x08000674       0x38 ..\obj\stm32f4xx_usart.o
                0x08000674                USART_GetFlagStatus
 .text.USART_GetITStatus
                0x080006ac       0xb4 ..\obj\stm32f4xx_usart.o
                0x080006ac                USART_GetITStatus
 .text.Default_Reset_Handler
                0x08000760       0x5c ..\obj\startup_stm32f4xx.o
                0x08000760                Default_Reset_Handler
                0x08000760                Reset_Handler
 .text.Default_Handler
                0x080007bc        0x8 ..\obj\startup_stm32f4xx.o
                0x080007bc                RTC_Alarm_IRQHandler
                0x080007bc                HASH_RNG_IRQHandler
                0x080007bc                EXTI2_IRQHandler
                0x080007bc                TIM8_CC_IRQHandler
                0x080007bc                DebugMon_Handler
                0x080007bc                TIM1_CC_IRQHandler
                0x080007bc                DMA2_Stream5_IRQHandler
                0x080007bc                HardFault_Handler
                0x080007bc                DMA1_Stream5_IRQHandler
                0x080007bc                SysTick_Handler
                0x080007bc                PVD_IRQHandler
                0x080007bc                SDIO_IRQHandler
                0x080007bc                TAMP_STAMP_IRQHandler
                0x080007bc                PendSV_Handler
                0x080007bc                NMI_Handler
                0x080007bc                CAN2_RX1_IRQHandler
                0x080007bc                EXTI3_IRQHandler
                0x080007bc                TIM8_TRG_COM_TIM14_IRQHandler
                0x080007bc                TIM1_UP_TIM10_IRQHandler
                0x080007bc                TIM8_UP_TIM13_IRQHandler
                0x080007bc                I2C3_ER_IRQHandler
                0x080007bc                I2C2_EV_IRQHandler
                0x080007bc                DMA1_Stream2_IRQHandler
                0x080007bc                CAN1_RX0_IRQHandler
                0x080007bc                FPU_IRQHandler
                0x080007bc                OTG_HS_WKUP_IRQHandler
                0x080007bc                UsageFault_Handler
                0x080007bc                CAN2_SCE_IRQHandler
                0x080007bc                DMA2_Stream2_IRQHandler
                0x080007bc                SPI1_IRQHandler
                0x080007bc                TIM6_DAC_IRQHandler
                0x080007bc                TIM1_BRK_TIM9_IRQHandler
                0x080007bc                DCMI_IRQHandler
                0x080007bc                CAN2_RX0_IRQHandler
                0x080007bc                DMA2_Stream3_IRQHandler
                0x080007bc                USART6_IRQHandler
                0x080007bc                USART3_IRQHandler
                0x080007bc                CRYP_IRQHandler
                0x080007bc                CAN1_RX1_IRQHandler
                0x080007bc                UART5_IRQHandler
                0x080007bc                DMA2_Stream0_IRQHandler
                0x080007bc                TIM4_IRQHandler
                0x080007bc                I2C1_EV_IRQHandler
                0x080007bc                DMA1_Stream6_IRQHandler
                0x080007bc                DMA1_Stream1_IRQHandler
                0x080007bc                UART4_IRQHandler
                0x080007bc                TIM3_IRQHandler
                0x080007bc                RCC_IRQHandler
                0x080007bc                TIM8_BRK_TIM12_IRQHandler
                0x080007bc                ADC_IRQHandler
                0x080007bc                DMA1_Stream7_IRQHandler
                0x080007bc                TIM7_IRQHandler
                0x080007bc                CAN2_TX_IRQHandler
                0x080007bc                TIM5_IRQHandler
                0x080007bc                DMA2_Stream7_IRQHandler
                0x080007bc                I2C3_EV_IRQHandler
                0x080007bc                EXTI9_5_IRQHandler
                0x080007bc                RTC_WKUP_IRQHandler
                0x080007bc                ETH_WKUP_IRQHandler
                0x080007bc                SPI2_IRQHandler
                0x080007bc                OTG_HS_EP1_IN_IRQHandler
                0x080007bc                MemManage_Handler
                0x080007bc                DMA1_Stream0_IRQHandler
                0x080007bc                CAN1_TX_IRQHandler
                0x080007bc                SVC_Handler
                0x080007bc                EXTI4_IRQHandler
                0x080007bc                FSMC_IRQHandler
                0x080007bc                ETH_IRQHandler
                0x080007bc                OTG_HS_EP1_OUT_IRQHandler
                0x080007bc                WWDG_IRQHandler
                0x080007bc                OTG_FS_WKUP_IRQHandler
                0x080007bc                TIM1_TRG_COM_TIM11_IRQHandler
                0x080007bc                OTG_HS_IRQHandler
                0x080007bc                EXTI1_IRQHandler
                0x080007bc                I2C2_ER_IRQHandler
                0x080007bc                DMA2_Stream1_IRQHandler
                0x080007bc                CAN1_SCE_IRQHandler
                0x080007bc                FLASH_IRQHandler
                0x080007bc                DMA2_Stream4_IRQHandler
                0x080007bc                BusFault_Handler
                0x080007bc                USART1_IRQHandler
                0x080007bc                OTG_FS_IRQHandler
                0x080007bc                SPI3_IRQHandler
                0x080007bc                DMA1_Stream4_IRQHandler
                0x080007bc                I2C1_ER_IRQHandler
                0x080007bc                DMA2_Stream6_IRQHandler
                0x080007bc                DMA1_Stream3_IRQHandler
 .text.main     0x080007c4       0x50 ..\obj\main.o
                0x080007c4                main
 .text.RCC_GetClocksFreq
                0x08000814      0x154 ..\obj\stm32f4xx_rcc.o
                0x08000814                RCC_GetClocksFreq
 .text.RCC_AHB1PeriphClockCmd
                0x08000968       0x3c ..\obj\stm32f4xx_rcc.o
                0x08000968                RCC_AHB1PeriphClockCmd
 .text.RCC_APB1PeriphClockCmd
                0x080009a4       0x3c ..\obj\stm32f4xx_rcc.o
                0x080009a4                RCC_APB1PeriphClockCmd
 .text.RCC_APB2PeriphClockCmd
                0x080009e0       0x3c ..\obj\stm32f4xx_rcc.o
                0x080009e0                RCC_APB2PeriphClockCmd
 .text.GPIO_Init
                0x08000a1c      0x11c ..\obj\stm32f4xx_gpio.o
                0x08000a1c                GPIO_Init
 .text.GPIO_ReadInputDataBit
                0x08000b38       0x34 ..\obj\stm32f4xx_gpio.o
                0x08000b38                GPIO_ReadInputDataBit
 .text.GPIO_SetBits
                0x08000b6c       0x1c ..\obj\stm32f4xx_gpio.o
                0x08000b6c                GPIO_SetBits
 .text.GPIO_ResetBits
                0x08000b88       0x1c ..\obj\stm32f4xx_gpio.o
                0x08000b88                GPIO_ResetBits
 .text.GPIO_WriteBit
                0x08000ba4       0x30 ..\obj\stm32f4xx_gpio.o
                0x08000ba4                GPIO_WriteBit
 .text.GPIO_ToggleBits
                0x08000bd4       0x24 ..\obj\stm32f4xx_gpio.o
                0x08000bd4                GPIO_ToggleBits
 .text.GPIO_PinAFConfig
                0x08000bf8       0x90 ..\obj\stm32f4xx_gpio.o
                0x08000bf8                GPIO_PinAFConfig
 .text.kp_init  0x08000c88       0xc0 ..\obj\keypad.o
                0x08000c88                kp_init
 .text.kp_event
                0x08000d48      0x140 ..\obj\keypad.o
                0x08000d48                kp_event
 .text.EXTI15_10_IRQHandler
                0x08000e88      0x1ec ..\obj\keypad.o
                0x08000e88                EXTI15_10_IRQHandler
 .text.SystemInit
                0x08001074       0x5c ..\obj\system_stm32f4xx.o
                0x08001074                SystemInit
 .text.SetSysClock
                0x080010d0       0xf4 ..\obj\system_stm32f4xx.o
 .text.lcd_cmd  0x080011c4       0x34 ..\obj\lcd.o
                0x080011c4                lcd_cmd
 .text.lcd_cmd4
                0x080011f8       0x98 ..\obj\lcd.o
                0x080011f8                lcd_cmd4
 .text.lcd_init
                0x08001290       0xd8 ..\obj\lcd.o
                0x08001290                lcd_init
 .text.lcd_loadCustomChars
                0x08001368       0x4c ..\obj\lcd.o
                0x08001368                lcd_loadCustomChars
 .text.lcd_clear
                0x080013b4       0x10 ..\obj\lcd.o
                0x080013b4                lcd_clear
 .text.lcd_entryModeSet
                0x080013c4       0x24 ..\obj\lcd.o
                0x080013c4                lcd_entryModeSet
 .text.lcd_onOff
                0x080013e8       0x24 ..\obj\lcd.o
                0x080013e8                lcd_onOff
 .text.lcd_functionSet
                0x0800140c       0x24 ..\obj\lcd.o
                0x0800140c                lcd_functionSet
 .text.lcd_cgramSet
                0x08001430       0x44 ..\obj\lcd.o
                0x08001430                lcd_cgramSet
 .text.lcd_ddramSet
                0x08001474       0x24 ..\obj\lcd.o
                0x08001474                lcd_ddramSet
 .text.lcd_write
                0x08001498       0x5c ..\obj\lcd.o
                0x08001498                lcd_write
 .text.lcd_write_n
                0x080014f4       0x38 ..\obj\lcd.o
                0x080014f4                lcd_write_n
 .text.lcd_changeScreen
                0x0800152c      0x12c ..\obj\lcd.o
                0x0800152c                lcd_changeScreen
 .text.EXTI_Init
                0x08001658       0xe4 ..\obj\stm32f4xx_exti.o
                0x08001658                EXTI_Init
 .text.EXTI_GetITStatus
                0x0800173c       0x48 ..\obj\stm32f4xx_exti.o
                0x0800173c                EXTI_GetITStatus
 .text.EXTI_ClearITPendingBit
                0x08001784       0x1c ..\obj\stm32f4xx_exti.o
                0x08001784                EXTI_ClearITPendingBit
 .text.NVIC_Init
                0x080017a0       0xc0 ..\obj\misc.o
                0x080017a0                NVIC_Init
 .text.NVIC_EnableIRQ
                0x08001860       0x30 ..\obj\wifi.o
 .text.USART_put
                0x08001890       0x78 ..\obj\wifi.o
                0x08001890                USART_put
 .text.USART2_IRQHandler
                0x08001908       0x6c ..\obj\wifi.o
                0x08001908                USART2_IRQHandler
 .text.wifi_init
                0x08001974       0xfc ..\obj\wifi.o
                0x08001974                wifi_init
 .text.TIM_TimeBaseInit
                0x08001a70       0xd4 ..\obj\stm32f4xx_tim.o
                0x08001a70                TIM_TimeBaseInit
 .text.TIM_Cmd  0x08001b44       0x40 ..\obj\stm32f4xx_tim.o
                0x08001b44                TIM_Cmd
 .text.TIM_ITConfig
                0x08001b84       0x48 ..\obj\stm32f4xx_tim.o
                0x08001b84                TIM_ITConfig
 .text.TIM_GetITStatus
                0x08001bcc       0x54 ..\obj\stm32f4xx_tim.o
                0x08001bcc                TIM_GetITStatus
 .text.TIM_ClearITPendingBit
                0x08001c20       0x20 ..\obj\stm32f4xx_tim.o
                0x08001c20                TIM_ClearITPendingBit
 .text.memcmp   0x08001c40       0x64 c:/program files (x86)/gnu tools arm embedded/5.3 2016q1/bin/../lib/gcc/arm-none-eabi/5.3.1/../../../../arm-none-eabi/lib/armv7e-m\libg.a(lib_a-memcmp.o)
                0x08001c40                memcmp
 *(.init)
 *(.fini)
 *crtbegin.o(.ctors)
 *crtbegin?.o(.ctors)
 *(EXCLUDE_FILE(*crtend.o *crtend?.o) .ctors)
 *(SORT(.ctors.*))
 *(.ctors)
 *crtbegin.o(.dtors)
 *crtbegin?.o(.dtors)
 *(EXCLUDE_FILE(*crtend.o *crtend?.o) .dtors)
 *(SORT(.dtors.*))
 *(.dtors)
 *(.rodata*)
 .rodata        0x08001ca4       0x45 ..\obj\md.o
 *fill*         0x08001ce9        0x3 
 .rodata        0x08001cec        0x4 ..\obj\keypad.o
 .rodata        0x08001cf0       0xb6 ..\obj\lcd.o
 *fill*         0x08001da6        0x2 
 .rodata        0x08001da8       0x37 ..\obj\wifi.o
 *(.eh_fram e*)

.glue_7         0x08001de0        0x0
 .glue_7        0x08001de0        0x0 linker stubs

.glue_7t        0x08001de0        0x0
 .glue_7t       0x08001de0        0x0 linker stubs

.vfp11_veneer   0x08001de0        0x0
 .vfp11_veneer  0x08001de0        0x0 linker stubs

.v4_bx          0x08001de0        0x0
 .v4_bx         0x08001de0        0x0 linker stubs

.iplt           0x08001de0        0x0
 .iplt          0x08001de0        0x0 ..\obj\stm32f4xx_syscfg.o

.rel.dyn        0x08001de0        0x0
 .rel.iplt      0x08001de0        0x0 ..\obj\stm32f4xx_syscfg.o

.ARM.extab
 *(.ARM.extab* .gnu.linkonce.armextab.*)
                0x08001de0                __exidx_start = .

.ARM.exidx
 *(.ARM.exidx* .gnu.linkonce.armexidx.*)
                0x08001de0                __exidx_end = .
                0x08001de0                __etext = .
                0x08001ddf                _sidata = __etext

.data           0x20000000       0x10 load address 0x08001ddf
                0x20000000                __data_start__ = .
                0x20000000                _sdata = __data_start__
 *(vtable)
 *(.data*)
 .data          0x20000000       0x10 ..\obj\stm32f4xx_rcc.o
                0x20000010                . = ALIGN (0x4)
                [!provide]                PROVIDE (__preinit_array_start, .)
 *(.preinit_array)
                [!provide]                PROVIDE (__preinit_array_end, .)
                0x20000010                . = ALIGN (0x4)
                [!provide]                PROVIDE (__init_array_start, .)
 *(SORT(.init_array.*))
 *(.init_array)
                [!provide]                PROVIDE (__init_array_end, .)
                0x20000010                . = ALIGN (0x4)
                [!provide]                PROVIDE (__fini_array_start, .)
 *(SORT(.fini_array.*))
 *(.fini_array)
                [!provide]                PROVIDE (__fini_array_end, .)
 *(.jcr*)
                0x20000010                . = ALIGN (0x4)
                0x20000010                __data_end__ = .
                0x20000010                _edata = __data_end__

.igot.plt       0x20000010        0x0 load address 0x08001df0
 .igot.plt      0x20000010        0x0 ..\obj\stm32f4xx_syscfg.o

.bss            0x20000010       0xdc load address 0x08001df0
                0x20000010                . = ALIGN (0x4)
                0x20000010                __bss_start__ = .
                0x20000010                _sbss = __bss_start__
 *(.bss*)
 .bss           0x20000010        0x4 ..\obj\md.o
                0x20000010                md_armed
 .bss           0x20000014        0x4 ..\obj\keypad.o
                0x20000014                kp_inputBufferIt
 *(COMMON)
 COMMON         0x20000018        0x4 ..\obj\keypad.o
                0x20000018                kp_inputBuffer
 COMMON         0x2000001c        0x4 ..\obj\lcd.o
                0x2000001c                lcd_currentScreen
 COMMON         0x20000020       0xcc ..\obj\wifi.o
                0x20000020                wifi_i
                0x20000024                wifi_data
                0x200000ec                . = ALIGN (0x4)
                0x200000ec                __bss_end__ = .
                0x200000ec                _ebss = __bss_end__

.heap           0x200000ec        0x0
                0x200000ec                __end__ = .
                0x200000ec                _end = __end__
                0x200000ec                end = __end__
 *(.heap*)
                0x200000ec                __HeapLimit = .

.co_stack       0x200000ec      0x804 load address 0x08001ecc
                0x200000f0                . = ALIGN (0x8)
 *fill*         0x200000ec        0x4 
 *(.co_stack .co_stack.*)
 .co_stack      0x200000f0      0x800 ..\obj\startup_stm32f4xx.o
                0x200000f0                pulStack
                0x20020000                __StackTop = (ORIGIN (ram) + LENGTH (ram))
                0x2001f7fc                __StackLimit = (__StackTop - SIZEOF (.co_stack))
                [!provide]                PROVIDE (__stack, __StackTop)
                0x00000001                ASSERT ((__StackLimit >= __HeapLimit), region ram  overflowed with stack)
LOAD ..\obj\stm32f4xx_syscfg.o
LOAD ..\obj\md.o
LOAD ..\obj\stm32f4xx_usart.o
LOAD ..\obj\startup_stm32f4xx.o
LOAD ..\obj\main.o
LOAD ..\obj\stm32f4xx_rcc.o
LOAD ..\obj\stm32f4xx_gpio.o
LOAD ..\obj\keypad.o
LOAD ..\obj\system_stm32f4xx.o
LOAD ..\obj\lcd.o
LOAD ..\obj\stm32f4xx_exti.o
LOAD ..\obj\misc.o
LOAD ..\obj\wifi.o
LOAD ..\obj\stm32f4xx_tim.o
START GROUP
LOAD c:/program files (x86)/gnu tools arm embedded/5.3 2016q1/bin/../lib/gcc/arm-none-eabi/5.3.1/armv7e-m\libgcc.a
LOAD c:/program files (x86)/gnu tools arm embedded/5.3 2016q1/bin/../lib/gcc/arm-none-eabi/5.3.1/../../../../arm-none-eabi/lib/armv7e-m\libg.a
LOAD c:/program files (x86)/gnu tools arm embedded/5.3 2016q1/bin/../lib/gcc/arm-none-eabi/5.3.1/../../../../arm-none-eabi/lib/armv7e-m\libc.a
END GROUP
OUTPUT(SafeHouse.elf elf32-littlearm)

.debug_info     0x00000000     0x6d88
 .debug_info    0x00000000      0x274 ..\obj\stm32f4xx_syscfg.o
 .debug_info    0x00000274      0x942 ..\obj\md.o
 .debug_info    0x00000bb6      0x9ca ..\obj\stm32f4xx_usart.o
 .debug_info    0x00001580       0xf2 ..\obj\startup_stm32f4xx.o
 .debug_info    0x00001672      0x2ee ..\obj\main.o
 .debug_info    0x00001960      0xc63 ..\obj\stm32f4xx_rcc.o
 .debug_info    0x000025c3      0x61a ..\obj\stm32f4xx_gpio.o
 .debug_info    0x00002bdd      0x7d8 ..\obj\keypad.o
 .debug_info    0x000033b5      0x5c5 ..\obj\system_stm32f4xx.o
 .debug_info    0x0000397a      0x5ff ..\obj\lcd.o
 .debug_info    0x00003f79      0x357 ..\obj\stm32f4xx_exti.o
 .debug_info    0x000042d0      0x556 ..\obj\misc.o
 .debug_info    0x00004826      0x8f9 ..\obj\wifi.o
 .debug_info    0x0000511f     0x1c69 ..\obj\stm32f4xx_tim.o

.debug_abbrev   0x00000000     0x14d4
 .debug_abbrev  0x00000000      0x133 ..\obj\stm32f4xx_syscfg.o
 .debug_abbrev  0x00000133      0x1d9 ..\obj\md.o
 .debug_abbrev  0x0000030c      0x157 ..\obj\stm32f4xx_usart.o
 .debug_abbrev  0x00000463       0xb0 ..\obj\startup_stm32f4xx.o
 .debug_abbrev  0x00000513      0x116 ..\obj\main.o
 .debug_abbrev  0x00000629      0x1e5 ..\obj\stm32f4xx_rcc.o
 .debug_abbrev  0x0000080e      0x1a7 ..\obj\stm32f4xx_gpio.o
 .debug_abbrev  0x000009b5      0x1ab ..\obj\keypad.o
 .debug_abbrev  0x00000b60      0x138 ..\obj\system_stm32f4xx.o
 .debug_abbrev  0x00000c98      0x1e2 ..\obj\lcd.o
 .debug_abbrev  0x00000e7a      0x1a9 ..\obj\stm32f4xx_exti.o
 .debug_abbrev  0x00001023      0x147 ..\obj\misc.o
 .debug_abbrev  0x0000116a      0x1e1 ..\obj\wifi.o
 .debug_abbrev  0x0000134b      0x189 ..\obj\stm32f4xx_tim.o

.debug_aranges  0x00000000      0x898
 .debug_aranges
                0x00000000       0x48 ..\obj\stm32f4xx_syscfg.o
 .debug_aranges
                0x00000048       0x50 ..\obj\md.o
 .debug_aranges
                0x00000098      0x100 ..\obj\stm32f4xx_usart.o
 .debug_aranges
                0x00000198       0x28 ..\obj\startup_stm32f4xx.o
 .debug_aranges
                0x000001c0       0x20 ..\obj\main.o
 .debug_aranges
                0x000001e0      0x178 ..\obj\stm32f4xx_rcc.o
 .debug_aranges
                0x00000358       0x88 ..\obj\stm32f4xx_gpio.o
 .debug_aranges
                0x000003e0       0x30 ..\obj\keypad.o
 .debug_aranges
                0x00000410       0x30 ..\obj\system_stm32f4xx.o
 .debug_aranges
                0x00000440       0x90 ..\obj\lcd.o
 .debug_aranges
                0x000004d0       0x58 ..\obj\stm32f4xx_exti.o
 .debug_aranges
                0x00000528       0x40 ..\obj\misc.o
 .debug_aranges
                0x00000568       0x38 ..\obj\wifi.o
 .debug_aranges
                0x000005a0      0x2f8 ..\obj\stm32f4xx_tim.o

.debug_ranges   0x00000000      0x800
 .debug_ranges  0x00000000       0x38 ..\obj\stm32f4xx_syscfg.o
 .debug_ranges  0x00000038       0x40 ..\obj\md.o
 .debug_ranges  0x00000078       0xf0 ..\obj\stm32f4xx_usart.o
 .debug_ranges  0x00000168       0x18 ..\obj\startup_stm32f4xx.o
 .debug_ranges  0x00000180       0x10 ..\obj\main.o
 .debug_ranges  0x00000190      0x168 ..\obj\stm32f4xx_rcc.o
 .debug_ranges  0x000002f8       0x78 ..\obj\stm32f4xx_gpio.o
 .debug_ranges  0x00000370       0x50 ..\obj\keypad.o
 .debug_ranges  0x000003c0       0x20 ..\obj\system_stm32f4xx.o
 .debug_ranges  0x000003e0       0x80 ..\obj\lcd.o
 .debug_ranges  0x00000460       0x48 ..\obj\stm32f4xx_exti.o
 .debug_ranges  0x000004a8       0x30 ..\obj\misc.o
 .debug_ranges  0x000004d8       0x40 ..\obj\wifi.o
 .debug_ranges  0x00000518      0x2e8 ..\obj\stm32f4xx_tim.o

.debug_line     0x00000000     0x33e8
 .debug_line    0x00000000      0x24f ..\obj\stm32f4xx_syscfg.o
 .debug_line    0x0000024f      0x301 ..\obj\md.o
 .debug_line    0x00000550      0x509 ..\obj\stm32f4xx_usart.o
 .debug_line    0x00000a59       0xad ..\obj\startup_stm32f4xx.o
 .debug_line    0x00000b06      0x240 ..\obj\main.o
 .debug_line    0x00000d46      0x5f5 ..\obj\stm32f4xx_rcc.o
 .debug_line    0x0000133b      0x3b0 ..\obj\stm32f4xx_gpio.o
 .debug_line    0x000016eb      0x394 ..\obj\keypad.o
 .debug_line    0x00001a7f      0x21a ..\obj\system_stm32f4xx.o
 .debug_line    0x00001c99      0x3e2 ..\obj\lcd.o
 .debug_line    0x0000207b      0x2f1 ..\obj\stm32f4xx_exti.o
 .debug_line    0x0000236c      0x28e ..\obj\misc.o
 .debug_line    0x000025fa      0x2dd ..\obj\wifi.o
 .debug_line    0x000028d7      0xb11 ..\obj\stm32f4xx_tim.o

.debug_str      0x00000000     0x2b95
 .debug_str     0x00000000      0x2a2 ..\obj\stm32f4xx_syscfg.o
                                0x300 (size before relaxing)
 .debug_str     0x000002a2      0xa6f ..\obj\md.o
                                0xbf0 (size before relaxing)
 .debug_str     0x00000d11      0x49c ..\obj\stm32f4xx_usart.o
                                0x69b (size before relaxing)
 .debug_str     0x000011ad       0xbc ..\obj\startup_stm32f4xx.o
                                0x153 (size before relaxing)
 .debug_str     0x00001269       0x40 ..\obj\main.o
                                0x3b3 (size before relaxing)
 .debug_str     0x000012a9      0x5ef ..\obj\stm32f4xx_rcc.o
                                0x85c (size before relaxing)
 .debug_str     0x00001898      0x1a9 ..\obj\stm32f4xx_gpio.o
                                0x4af (size before relaxing)
 .debug_str     0x00001a41      0x13b ..\obj\keypad.o
                                0xb41 (size before relaxing)
 .debug_str     0x00001b7c      0x124 ..\obj\system_stm32f4xx.o
                                0x3b6 (size before relaxing)
 .debug_str     0x00001ca0      0x13e ..\obj\lcd.o
                                0x4cd (size before relaxing)
 .debug_str     0x00001dde      0x119 ..\obj\stm32f4xx_exti.o
                                0x365 (size before relaxing)
 .debug_str     0x00001ef7      0x16d ..\obj\misc.o
                                0x3da (size before relaxing)
 .debug_str     0x00002064       0x9f ..\obj\wifi.o
                                0xa4b (size before relaxing)
 .debug_str     0x00002103      0xa92 ..\obj\stm32f4xx_tim.o
                                0xddc (size before relaxing)

.comment        0x00000000       0x6e
 .comment       0x00000000       0x6e ..\obj\stm32f4xx_syscfg.o
                                 0x6f (size before relaxing)
 .comment       0x0000006e       0x6f ..\obj\md.o
 .comment       0x0000006e       0x6f ..\obj\stm32f4xx_usart.o
 .comment       0x0000006e       0x6f ..\obj\startup_stm32f4xx.o
 .comment       0x0000006e       0x6f ..\obj\main.o
 .comment       0x0000006e       0x6f ..\obj\stm32f4xx_rcc.o
 .comment       0x0000006e       0x6f ..\obj\stm32f4xx_gpio.o
 .comment       0x0000006e       0x6f ..\obj\keypad.o
 .comment       0x0000006e       0x6f ..\obj\system_stm32f4xx.o
 .comment       0x0000006e       0x6f ..\obj\lcd.o
 .comment       0x0000006e       0x6f ..\obj\stm32f4xx_exti.o
 .comment       0x0000006e       0x6f ..\obj\misc.o
 .comment       0x0000006e       0x6f ..\obj\wifi.o
 .comment       0x0000006e       0x6f ..\obj\stm32f4xx_tim.o

.ARM.attributes
                0x00000000       0x33
 .ARM.attributes
                0x00000000       0x33 ..\obj\stm32f4xx_syscfg.o
 .ARM.attributes
                0x00000033       0x33 ..\obj\md.o
 .ARM.attributes
                0x00000066       0x33 ..\obj\stm32f4xx_usart.o
 .ARM.attributes
                0x00000099       0x33 ..\obj\startup_stm32f4xx.o
 .ARM.attributes
                0x000000cc       0x33 ..\obj\main.o
 .ARM.attributes
                0x000000ff       0x33 ..\obj\stm32f4xx_rcc.o
 .ARM.attributes
                0x00000132       0x33 ..\obj\stm32f4xx_gpio.o
 .ARM.attributes
                0x00000165       0x33 ..\obj\keypad.o
 .ARM.attributes
                0x00000198       0x33 ..\obj\system_stm32f4xx.o
 .ARM.attributes
                0x000001cb       0x33 ..\obj\lcd.o
 .ARM.attributes
                0x000001fe       0x33 ..\obj\stm32f4xx_exti.o
 .ARM.attributes
                0x00000231       0x33 ..\obj\misc.o
 .ARM.attributes
                0x00000264       0x33 ..\obj\wifi.o
 .ARM.attributes
                0x00000297       0x33 ..\obj\stm32f4xx_tim.o
 .ARM.attributes
                0x000002ca       0x2e c:/program files (x86)/gnu tools arm embedded/5.3 2016q1/bin/../lib/gcc/arm-none-eabi/5.3.1/../../../../arm-none-eabi/lib/armv7e-m\libg.a(lib_a-memcmp.o)

.debug_frame    0x00000000     0x2468
 .debug_frame   0x00000000       0xf4 ..\obj\stm32f4xx_syscfg.o
 .debug_frame   0x000000f4       0xec ..\obj\md.o
 .debug_frame   0x000001e0      0x490 ..\obj\stm32f4xx_usart.o
 .debug_frame   0x00000670       0x4c ..\obj\startup_stm32f4xx.o
 .debug_frame   0x000006bc       0x30 ..\obj\main.o
 .debug_frame   0x000006ec      0x6d4 ..\obj\stm32f4xx_rcc.o
 .debug_frame   0x00000dc0      0x23c ..\obj\stm32f4xx_gpio.o
 .debug_frame   0x00000ffc       0x7c ..\obj\keypad.o
 .debug_frame   0x00001078       0x7c ..\obj\system_stm32f4xx.o
 .debug_frame   0x000010f4      0x224 ..\obj\lcd.o
 .debug_frame   0x00001318      0x148 ..\obj\stm32f4xx_exti.o
 .debug_frame   0x00001460       0xd8 ..\obj\misc.o
 .debug_frame   0x00001538       0xa4 ..\obj\wifi.o
 .debug_frame   0x000015dc      0xe54 ..\obj\stm32f4xx_tim.o
 .debug_frame   0x00002430       0x38 c:/program files (x86)/gnu tools arm embedded/5.3 2016q1/bin/../lib/gcc/arm-none-eabi/5.3.1/../../../../arm-none-eabi/lib/armv7e-m\libg.a(lib_a-memcmp.o)
